// Jest Snapshot v1, https://goo.gl/fbAQLP

exports[`test dataset generation 1`] = `
"[
  {
    \\"action\\": \\"lightChange\\",
    \\"id\\": \\"Hey Bot turn off the lights\\",
    \\"arg\\": {
      \\"switch\\": \\"turn off \\",
      \\"lights\\": \\"lights \\"
    }
  },
  {
    \\"action\\": \\"lightChange\\",
    \\"id\\": \\"Hey Bot turn off the lowLights\\",
    \\"arg\\": {
      \\"switch\\": \\"turn off \\",
      \\"lights\\": \\"lowLights \\"
    }
  },
  {
    \\"action\\": \\"lightChange\\",
    \\"id\\": \\"Hey Bot deactivate the lights\\",
    \\"arg\\": {
      \\"switch\\": \\"deactivate \\",
      \\"lights\\": \\"lights \\"
    }
  },
  {
    \\"action\\": \\"lightChange\\",
    \\"id\\": \\"Hey Bot deactivate the lowLights\\",
    \\"arg\\": {
      \\"switch\\": \\"deactivate \\",
      \\"lights\\": \\"lowLights \\"
    }
  },
  {
    \\"action\\": \\"lightChange\\",
    \\"id\\": \\"Hey Bot turn on the lights\\",
    \\"arg\\": {
      \\"switch\\": \\"turn on \\",
      \\"lights\\": \\"lights \\"
    }
  },
  {
    \\"action\\": \\"lightChange\\",
    \\"id\\": \\"Hey Bot turn on the lowLights\\",
    \\"arg\\": {
      \\"switch\\": \\"turn on \\",
      \\"lights\\": \\"lowLights \\"
    }
  },
  {
    \\"action\\": \\"lightChange\\",
    \\"id\\": \\"Hey Bot activate the lights\\",
    \\"arg\\": {
      \\"switch\\": \\"activate \\",
      \\"lights\\": \\"lights \\"
    }
  },
  {
    \\"action\\": \\"lightChange\\",
    \\"id\\": \\"Hey Bot activate the lowLights\\",
    \\"arg\\": {
      \\"switch\\": \\"activate \\",
      \\"lights\\": \\"lowLights \\"
    }
  }
]"
`;
